{"tool":"phpunit","result":"failed","tests":142,"passed":141,"assertions":542,"duration_ms":3306,"failed":1,"failures":[{"test":"Tests\\Feature\\DashboardPurchasedCoursesTest::test_purchased_course_is_visible_on_dashboard","file":"/Users/macbookairm12020/Rakryan/rakryan-coding-2/tests/Feature/DashboardPurchasedCoursesTest.php","line":18,"message":"Failed asserting that '<!DOCTYPE html>\n<html lang=\"en\" class=\"\">\n    <head>\n        <meta charset=\"utf-8\">\n        <meta name=\"viewport\" content=\"width=device-width, initial-scale=1\">\n        <meta name=\"csrf-token\" content=\"44HWQxdBsl8jX3d69tloJn6Mt2MMrBw75SEqAkeq\">\n\n        \n        <script>\n            (function() {\n                const appearance = 'system';\n\n                if (appearance === 'system') {\n                    const prefersDark = window.matchMedia('(prefers-color-scheme: dark)').matches;\n\n                    if (prefersDark) {\n                        document.documentElement.classList.add('dark');\n                    }\n                }\n            })();\n        </script>\n\n        \n        <style>\n            html {\n                background-color: oklch(1 0 0);\n            }\n\n            html.dark {\n                background-color: oklch(0.145 0 0);\n            }\n        </style>\n\n        <link rel=\"icon\" href=\"/favicon.ico\" sizes=\"any\">\n        <link rel=\"icon\" href=\"/assets/images/favicon.svg\" type=\"image/svg+xml\">\n        <link rel=\"apple-touch-icon\" href=\"/apple-touch-icon.png\">\n\n        <link rel=\"preload\" as=\"font\" href=\"http://rakryan-coding-2.test/build/assets/instrument-sans-400-normal-DRC__1Mx.woff2\" type=\"font/woff2\" crossorigin=\"anonymous\" />\n<link rel=\"preload\" as=\"font\" href=\"http://rakryan-coding-2.test/build/assets/instrument-sans-400-normal-Q_nF8v4l.woff2\" type=\"font/woff2\" crossorigin=\"anonymous\" />\n<link rel=\"preload\" as=\"font\" href=\"http://rakryan-coding-2.test/build/assets/instrument-sans-500-normal-Dk9ku72i.woff2\" type=\"font/woff2\" crossorigin=\"anonymous\" />\n<link rel=\"preload\" as=\"font\" href=\"http://rakryan-coding-2.test/build/assets/instrument-sans-500-normal-CTEe1bJa.woff2\" type=\"font/woff2\" crossorigin=\"anonymous\" />\n<link rel=\"preload\" as=\"font\" href=\"http://rakryan-coding-2.test/build/assets/instrument-sans-600-normal-B7fBEWYG.woff2\" type=\"font/woff2\" crossorigin=\"anonymous\" />\n<link rel=\"preload\" as=\"font\" href=\"http://rakryan-coding-2.test/build/assets/instrument-sans-600-normal-BsaQcF38.woff2\" type=\"font/woff2\" crossorigin=\"anonymous\" />\n<style>\n@font-face {\n  font-family: \"Instrument Sans\";\n  font-style: normal;\n  font-weight: 400;\n  font-display: swap;\n  src: url(\"/build/assets/instrument-sans-400-normal-DRC__1Mx.woff2\") format(\"woff2\");\n  unicode-range: U+0000-00FF,U+0131,U+0152-0153,U+02BB-02BC,U+02C6,U+02DA,U+02DC,U+0304,U+0308,U+0329,U+2000-206F,U+20AC,U+2122,U+2191,U+2193,U+2212,U+2215,U+FEFF,U+FFFD;\n}\n\n@font-face {\n  font-family: \"Instrument Sans\";\n  font-style: normal;\n  font-weight: 400;\n  font-display: swap;\n  src: url(\"/build/assets/instrument-sans-400-normal-D1W7dsQl.woff\") format(\"woff\");\n  unicode-range: U+0000-00FF,U+0131,U+0152-0153,U+02BB-02BC,U+02C6,U+02DA,U+02DC,U+0304,U+0308,U+0329,U+2000-206F,U+20AC,U+2122,U+2191,U+2193,U+2212,U+2215,U+FEFF,U+FFFD;\n}\n\n@font-face {\n  font-family: \"Instrument Sans\";\n  font-style: normal;\n  font-weight: 400;\n  font-display: swap;\n  src: url(\"/build/assets/instrument-sans-400-normal-Q_nF8v4l.woff2\") format(\"woff2\");\n  unicode-range: U+0100-02BA,U+02BD-02C5,U+02C7-02CC,U+02CE-02D7,U+02DD-02FF,U+0304,U+0308,U+0329,U+1D00-1DBF,U+1E00-1E9F,U+1EF2-1EFF,U+2020,U+20A0-20AB,U+20AD-20C0,U+2113,U+2C60-2C7F,U+A720-A7FF;\n}\n\n@font-face {\n  font-family: \"Instrument Sans\";\n  font-style: normal;\n  font-weight: 400;\n  font-display: swap;\n  src: url(\"/build/assets/instrument-sans-400-normal-r32jotim.woff\") format(\"woff\");\n  unicode-range: U+0100-02BA,U+02BD-02C5,U+02C7-02CC,U+02CE-02D7,U+02DD-02FF,U+0304,U+0308,U+0329,U+1D00-1DBF,U+1E00-1E9F,U+1EF2-1EFF,U+2020,U+20A0-20AB,U+20AD-20C0,U+2113,U+2C60-2C7F,U+A720-A7FF;\n}\n\n@font-face {\n  font-family: \"Instrument Sans\";\n  font-style: normal;\n  font-weight: 500;\n  font-display: swap;\n  src: url(\"/build/assets/instrument-sans-500-normal-Dk9ku72i.woff2\") format(\"woff2\");\n  unicode-range: U+0000-00FF,U+0131,U+0152-0153,U+02BB-02BC,U+02C6,U+02DA,U+02DC,U+0304,U+0308,U+0329,U+2000-206F,U+20AC,U+2122,U+2191,U+2193,U+2212,U+2215,U+FEFF,U+FFFD;\n}\n\n@font-face {\n  font-family: \"Instrument Sans\";\n  font-style: normal;\n  font-weight: 500;\n  font-display: swap;\n  src: url(\"/build/assets/instrument-sans-500-normal-Z6ESRlEs.woff\") format(\"woff\");\n  unicode-range: U+0000-00FF,U+0131,U+0152-0153,U+02BB-02BC,U+02C6,U+02DA,U+02DC,U+0304,U+0308,U+0329,U+2000-206F,U+20AC,U+2122,U+2191,U+2193,U+2212,U+2215,U+FEFF,U+FFFD;\n}\n\n@font-face {\n  font-family: \"Instrument Sans\";\n  font-style: normal;\n  font-weight: 500;\n  font-display: swap;\n  src: url(\"/build/assets/instrument-sans-500-normal-CTEe1bJa.woff2\") format(\"woff2\");\n  unicode-range: U+0100-02BA,U+02BD-02C5,U+02C7-02CC,U+02CE-02D7,U+02DD-02FF,U+0304,U+0308,U+0329,U+1D00-1DBF,U+1E00-1E9F,U+1EF2-1EFF,U+2020,U+20A0-20AB,U+20AD-20C0,U+2113,U+2C60-2C7F,U+A720-A7FF;\n}\n\n@font-face {\n  font-family: \"Instrument Sans\";\n  font-style: normal;\n  font-weight: 500;\n  font-display: swap;\n  src: url(\"/build/assets/instrument-sans-500-normal-CAxz3nsc.woff\") format(\"woff\");\n  unicode-range: U+0100-02BA,U+02BD-02C5,U+02C7-02CC,U+02CE-02D7,U+02DD-02FF,U+0304,U+0308,U+0329,U+1D00-1DBF,U+1E00-1E9F,U+1EF2-1EFF,U+2020,U+20A0-20AB,U+20AD-20C0,U+2113,U+2C60-2C7F,U+A720-A7FF;\n}\n\n@font-face {\n  font-family: \"Instrument Sans\";\n  font-style: normal;\n  font-weight: 600;\n  font-display: swap;\n  src: url(\"/build/assets/instrument-sans-600-normal-B7fBEWYG.woff2\") format(\"woff2\");\n  unicode-range: U+0000-00FF,U+0131,U+0152-0153,U+02BB-02BC,U+02C6,U+02DA,U+02DC,U+0304,U+0308,U+0329,U+2000-206F,U+20AC,U+2122,U+2191,U+2193,U+2212,U+2215,U+FEFF,U+FFFD;\n}\n\n@font-face {\n  font-family: \"Instrument Sans\";\n  font-style: normal;\n  font-weight: 600;\n  font-display: swap;\n  src: url(\"/build/assets/instrument-sans-600-normal-B9e8oLYv.woff\") format(\"woff\");\n  unicode-range: U+0000-00FF,U+0131,U+0152-0153,U+02BB-02BC,U+02C6,U+02DA,U+02DC,U+0304,U+0308,U+0329,U+2000-206F,U+20AC,U+2122,U+2191,U+2193,U+2212,U+2215,U+FEFF,U+FFFD;\n}\n\n@font-face {\n  font-family: \"Instrument Sans\";\n  font-style: normal;\n  font-weight: 600;\n  font-display: swap;\n  src: url(\"/build/assets/instrument-sans-600-normal-BsaQcF38.woff2\") format(\"woff2\");\n  unicode-range: U+0100-02BA,U+02BD-02C5,U+02C7-02CC,U+02CE-02D7,U+02DD-02FF,U+0304,U+0308,U+0329,U+1D00-1DBF,U+1E00-1E9F,U+1EF2-1EFF,U+2020,U+20A0-20AB,U+20AD-20C0,U+2113,U+2C60-2C7F,U+A720-A7FF;\n}\n\n@font-face {\n  font-family: \"Instrument Sans\";\n  font-style: normal;\n  font-weight: 600;\n  font-display: swap;\n  src: url(\"/build/assets/instrument-sans-600-normal-DMks36a2.woff\") format(\"woff\");\n  unicode-range: U+0100-02BA,U+02BD-02C5,U+02C7-02CC,U+02CE-02D7,U+02DD-02FF,U+0304,U+0308,U+0329,U+1D00-1DBF,U+1E00-1E9F,U+1EF2-1EFF,U+2020,U+20A0-20AB,U+20AD-20C0,U+2113,U+2C60-2C7F,U+A720-A7FF;\n}\n\n:root {\n  --font-instrument-sans: \"Instrument Sans\", \"Instrument Sans fallback\";\n}\n\n.font-instrument-sans {\n  font-family: var(--font-instrument-sans);\n}\n</style>\n                <link rel=\"preload\" as=\"style\" href=\"http://rakryan-coding-2.test/build/assets/app-CzfUuOBd.css\" /><link rel=\"modulepreload\" as=\"script\" href=\"http://rakryan-coding-2.test/build/assets/app-DMn38XMl.js\" /><link rel=\"modulepreload\" as=\"script\" href=\"http://rakryan-coding-2.test/build/assets/dashboard-Cf1PiNdE.js\" /><link rel=\"modulepreload\" as=\"script\" href=\"http://rakryan-coding-2.test/build/assets/circle-alert-D5xaqKka.js\" /><link rel=\"modulepreload\" as=\"script\" href=\"http://rakryan-coding-2.test/build/assets/circle-check-z9thLlvN.js\" /><link rel=\"modulepreload\" as=\"script\" href=\"http://rakryan-coding-2.test/build/assets/user-plus-yAVzKdOm.js\" /><link rel=\"modulepreload\" as=\"script\" href=\"http://rakryan-coding-2.test/build/assets/play-BXGy5pqg.js\" /><link rel=\"modulepreload\" as=\"script\" href=\"http://rakryan-coding-2.test/build/assets/plus-QGQqu40V.js\" /><link rel=\"modulepreload\" as=\"script\" href=\"http://rakryan-coding-2.test/build/assets/course-card-CLHAA5G3.js\" /><link rel=\"modulepreload\" as=\"script\" href=\"http://rakryan-coding-2.test/build/assets/arrow-right-jgcxTnio.js\" /><link rel=\"modulepreload\" as=\"script\" href=\"http://rakryan-coding-2.test/build/assets/circle-check-big-DtRxGb3t.js\" /><link rel=\"modulepreload\" as=\"script\" href=\"http://rakryan-coding-2.test/build/assets/shopping-cart-uqs6dFE8.js\" /><link rel=\"modulepreload\" as=\"script\" href=\"http://rakryan-coding-2.test/build/assets/scroll-reveal-DwKKJAC-.js\" /><link rel=\"modulepreload\" as=\"script\" href=\"http://rakryan-coding-2.test/build/assets/card-CdVBfiBg.js\" /><link rel=\"stylesheet\" href=\"http://rakryan-coding-2.test/build/assets/app-CzfUuOBd.css\" /><script type=\"module\" src=\"http://rakryan-coding-2.test/build/assets/app-DMn38XMl.js\"></script><script type=\"module\" src=\"http://rakryan-coding-2.test/build/assets/dashboard-Cf1PiNdE.js\"></script>        <title>Laravel</title>\n    </head>\n    <body class=\"font-sans antialiased\">\n        <script data-page=\"app\" type=\"application/json\">{\"component\":\"dashboard\",\"props\":{\"errors\":{},\"name\":\"Laravel\",\"auth\":{\"user\":{\"name\":\"Jalen Steuber\",\"email\":\"green.johann@example.net\",\"email_verified_at\":\"2026-07-09T08:12:44.000000Z\",\"two_factor_confirmed_at\":null,\"updated_at\":\"2026-07-09T08:12:44.000000Z\",\"created_at\":\"2026-07-09T08:12:44.000000Z\",\"id\":1,\"roles\":[]},\"unread_notifications_count\":0},\"sidebarOpen\":true,\"purchasedCourses\":[{\"id\":1,\"title\":\"Facere aut repudiandae.\",\"slug\":\"facere-aut-repudiandae\",\"thumbnail\":null,\"is_published\":true,\"category\":\"Blanditiis Quibusdam\",\"contents_count\":0,\"created_at\":\"09-07-2026\",\"completed_contents_count\":0,\"next_content_slug\":null,\"price\":null,\"price_strikethrough\":null,\"is_free\":false,\"has_product\":false,\"tech_stack\":null,\"read_duration\":null,\"last_read_at\":null,\"rating\":4.9,\"reviews_count\":0}],\"userStats\":{\"total_subscriptions\":1,\"courses_enrolled\":1,\"member_since\":\"2026-07-09T08:12:44.000000Z\",\"courses_completed\":0,\"total_chapters_read\":0,\"streak_days\":0},\"recentCourses\":[{\"id\":1,\"title\":\"Facere aut repudiandae.\",\"slug\":\"facere-aut-repudiandae\",\"thumbnail\":null,\"is_published\":true,\"category\":\"Blanditiis Quibusdam\",\"contents_count\":0,\"created_at\":\"09-07-2026\",\"completed_contents_count\":0,\"next_content_slug\":null,\"price\":null,\"price_strikethrough\":null,\"is_free\":false,\"has_product\":false,\"tech_stack\":null,\"read_duration\":null,\"last_read_at\":null,\"rating\":4.9,\"reviews_count\":0}],\"recommendations\":[],\"hasDuplicateCourses\":false},\"url\":\"\\/dashboard\",\"version\":\"2c957a399ae965600643297cbb810e20\",\"sharedProps\":[\"errors\",\"name\",\"auth\",\"sidebarOpen\"]}</script><div id=\"app\"></div>\n    </body>\n</html>\n' contains \"Dashboard\".."}]}
